Microsoft (R) Macro Assembler Version 6.11		    11/07/19 14:27:41
test2.asm						     Page 1 - 1


					.486				;tells assembler to generate 32-bit code
					.model flat			;tells assembler that all addresses are real addresses
					.stack 100h			;EVERY program needs to have a stack allocated

					ExitProcess PROTO Near32 stdcall, dwExitCode:DWORD
					
 00000000			.data
 00000000 0022 FFE4			sX word 22h, 0FFE4h
 00000004 27 FE				bVal byte 27h, 0FEh
 00000006 00000037			dVal dword 37h, 42h
	   00000042
 0000000E				qVal qword 1234a678h
	   000000001234A678
 00000000			.code
 00000000			_start:
 00000000				
 00000000  B8 00000000			MOV EAX, 0
					
 00000005  66| BA 0055			MOV DX, 55h
 00000009  B0 1C			MOV AL, 1Ch
 0000000B  66| 98			CBW
 0000000D  B3 07			MOV BL, 07h
 0000000F  F6 FB			IDIV BL
 00000011  B9 00000000			MOV ECX, 0
					
					INVOKE ExitProcess, 0	;normal termination
 0000001D				PUBLIC _start
					END
	
Microsoft (R) Macro Assembler Version 6.11		    11/07/19 14:27:41
test2.asm						     Symbols 2 - 1




Segments and Groups:

                N a m e                 Size     Length   Align   Combine Class

FLAT . . . . . . . . . . . . . .	GROUP
STACK  . . . . . . . . . . . . .	32 Bit	 00000100 DWord	  Stack	  'STACK'	 
_DATA  . . . . . . . . . . . . .	32 Bit	 00000016 DWord	  Public  'DATA'	
_TEXT  . . . . . . . . . . . . .	32 Bit	 0000001D DWord	  Public  'CODE'	


Procedures,  parameters and locals:

                N a m e                 Type     Value    Attr

$$$$$$00001  . . . . . . . . . .	P Near	 00000000 _TEXT	Length= 0000001D Private
ExitProcess  . . . . . . . . . .	P Near	 00000000 FLAT	Length= 00000000 External STDCALL


Symbols:

                N a m e                 Type     Value    Attr

@CodeSize  . . . . . . . . . . .	Number	 00000000h   
@DataSize  . . . . . . . . . . .	Number	 00000000h   
@Interface . . . . . . . . . . .	Number	 00000000h   
@Model . . . . . . . . . . . . .	Number	 00000007h   
@code  . . . . . . . . . . . . .	Text   	 _TEXT
@data  . . . . . . . . . . . . .	Text   	 FLAT
@fardata?  . . . . . . . . . . .	Text   	 FLAT
@fardata . . . . . . . . . . . .	Text   	 FLAT
@stack . . . . . . . . . . . . .	Text   	 FLAT
_start . . . . . . . . . . . . .	L Near	 00000000 _TEXT	Public
bVal . . . . . . . . . . . . . .	Byte	 00000004 _DATA	
dVal . . . . . . . . . . . . . .	DWord	 00000006 _DATA	
qVal . . . . . . . . . . . . . .	QWord	 0000000E _DATA	
sX . . . . . . . . . . . . . . .	Word	 00000000 _DATA	

	   0 Warnings
	   0 Errors
