Microsoft (R) Macro Assembler Version 6.11		    11/29/19 23:39:34
proj6b.asm						     Page 1 - 1


				;******************************************************************************************
				;*  Program Name: Proj6a.asm
				;*  Programmer:   Ryan Shupe
				;*  Class:        CSCI 2160-001
				;*  Lab:		  Project 6a
				;*  Date:         Created 12/07/2019
				;*  Purpose:      Driver to test the methods written in convertMethods
				;******************************************************************************************
					.486						;This tells assembler to generate 32-bit code
					.model flat					;This tells assembler that all addresses are real addresses
					.stack 100h					;EVERY program needs to have a stack allocated
				;******************************************************************************************
					ExitProcess PROTO NEAR32 stdcall, dwExitCode:DWORD  						;Executes "normal" termination
					putstring  PROTO NEAR stdcall, lpStringToDisplay:dword
					hexToCharacter PROTO stdcall, lpDestination:dword, lpSource:dword, numBytes:dword
					charTo4HexDigits PROTO stdcall, lpSourceString:dword
					encrypt32Bit PROTO stdcall, lpSourceString:dword, dMask:dword , numBytes:dword
				;******************************************************************************************
 00000000			.DATA
 00000000 41 42 43 64 65	strChar	byte "ABCdeF05" ,0
	   46 30 35 00
 00000009 54 68 69 73 20	strString byte "This is a sentence!!",0
	   69 73 20 61 20
	   73 65 6E 74 65
	   6E 63 65 21 21
	   00
 0000001E 1234ABCD		hexNums dword 1234ABCDh
 00000022  00000050 [		strHexChars byte 80 dup(?)	;holds converted string of characters
	    00
	   ]
 00000072 0A 0D 00		crlf byte  10,13,0								;Null-terminated string to skip to new line
 00000075 00000000		hexKey DWORD ?


				;******************************************************************************************
 00000000			.CODE
 00000000  33 C0			XOR EAX, EAX
 00000002			_start:


				INVOKE charTo4HexDigits, addr strChar
 0000000C  A3 00000075 R	MOV hexKey, EAX
				INVOKE putstring, addr crlf
				INVOKE hexToCharacter, addr strHexChars, addr strString, 20
				INVOKE putString, addr strHexChars

				INVOKE encrypt32Bit, addr strString, hexKey, 20
 00000048  8B D8		MOV EBX, EAX
				INVOKE putstring, addr crlf
				INVOKE hexToCharacter, addr strHexChars, EAX, 20
				INVOKE putString, addr strHexChars


				INVOKE encrypt32Bit, EBX, hexKey, 20
				INVOKE putstring, addr crlf
				INVOKE hexToCharacter, addr strHexChars, EAX, 20
				INVOKE putString, addr strHexChars

 0000009A  B8 00000000		MOV EAX, 0

				;************************************* the instructions below calls for "normal termination"	
				INVOKE ExitProcess,0						 
 000000A6			PUBLIC _start
				END
Microsoft (R) Macro Assembler Version 6.11		    11/29/19 23:39:34
proj6b.asm						     Symbols 2 - 1




Segments and Groups:

                N a m e                 Size     Length   Align   Combine Class

FLAT . . . . . . . . . . . . . .	GROUP
STACK  . . . . . . . . . . . . .	32 Bit	 00000100 DWord	  Stack	  'STACK'	 
_DATA  . . . . . . . . . . . . .	32 Bit	 00000079 DWord	  Public  'DATA'	
_TEXT  . . . . . . . . . . . . .	32 Bit	 000000A6 DWord	  Public  'CODE'	


Procedures,  parameters and locals:

                N a m e                 Type     Value    Attr

$$$$$$00001  . . . . . . . . . .	P Near	 00000000 _TEXT	Length= 000000A6 Private
  _start . . . . . . . . . . . .	L Near	 00000002 _TEXT	
ExitProcess  . . . . . . . . . .	P Near	 00000000 FLAT	Length= 00000000 External STDCALL
charTo4HexDigits . . . . . . . .	P Near	 00000000 FLAT	Length= 00000000 External STDCALL
encrypt32Bit . . . . . . . . . .	P Near	 00000000 FLAT	Length= 00000000 External STDCALL
hexToCharacter . . . . . . . . .	P Near	 00000000 FLAT	Length= 00000000 External STDCALL
putstring  . . . . . . . . . . .	P Near	 00000000 FLAT	Length= 00000000 External STDCALL


Symbols:

                N a m e                 Type     Value    Attr

@CodeSize  . . . . . . . . . . .	Number	 00000000h   
@DataSize  . . . . . . . . . . .	Number	 00000000h   
@Interface . . . . . . . . . . .	Number	 00000000h   
@Model . . . . . . . . . . . . .	Number	 00000007h   
@code  . . . . . . . . . . . . .	Text   	 _TEXT
@data  . . . . . . . . . . . . .	Text   	 FLAT
@fardata?  . . . . . . . . . . .	Text   	 FLAT
@fardata . . . . . . . . . . . .	Text   	 FLAT
@stack . . . . . . . . . . . . .	Text   	 FLAT
_start . . . . . . . . . . . . .	L Near	 00000002 _TEXT	Public
crlf . . . . . . . . . . . . . .	Byte	 00000072 _DATA	
hexKey . . . . . . . . . . . . .	DWord	 00000075 _DATA	
hexNums  . . . . . . . . . . . .	DWord	 0000001E _DATA	
strChar  . . . . . . . . . . . .	Byte	 00000000 _DATA	
strHexChars  . . . . . . . . . .	Byte	 00000022 _DATA	
strString  . . . . . . . . . . .	Byte	 00000009 _DATA	

	   0 Warnings
	   0 Errors
