Microsoft (R) Macro Assembler Version 6.11		    10/14/19 17:10:19
strings.asm						     Page 1 - 1


				;******************************************************************************************
				;*  Program Name: strings.asm
				;*  Programmer:   Ryan Shupe
				;*  Class:        CSCI 2160-001
				;*  Lab:          Proj3
				;*  Date:         10/19/2019
				;*  Purpose:      A couple string classes that can intake a string and count bytes, and 
				;*				  also intake a string and copy it.
				;******************************************************************************************
					.486						;This tells assembler to generate 32-bit code
					.model flat					;This tells assembler that all addresses are real addresses
					.stack 100h					;EVERY program needs to have a stack allocated
				;******************************************************************************************
				heapAllocHarrison PROTO Near32 stdcall, dSize:DWORD 							;Creates memory on the heap (of dSize words) and returns the address of the
				;******************************************************************************************
 00000000			.data
 00000000 00000000			numBytes dword ?
 00000004 00000000			numWords dword ?
 00000008 00				bChar byte ?
 00000009 00000000			originalAddr dword ?
 0000000D 00000000			cpAddr dword ?

				;******************************************************************************************
 00000000			.code

				COMMENT %
				******************************************************************************
				*Name: sizeOfString                                                          *
				*Purpose:                                                                    *
				*	counts the number of bytes in a string and returns the number in eax     *
				*                                                                            *
				*Date Created: 10/12/2019                                                    *
				*Date Modified: 10/12/2019                                                   *
				*                                                                            *
				*                                                                            *
				*@param String1:dword                                                        *
				*@returns numOfBytes:dword													 *
				*****************************************************************************%
 00000000			sizeOfString PROC Near32
 00000000  55				PUSH EBP							;preserves base register
 00000001  8B EC			MOV EBP, ESP						;sets a new stack frame
 00000003  53				PUSH EBX							;pushes EBX to the stack to store this
 00000004  56				PUSH ESI							;pushes ESI to the stack to preseve
 00000005  8B 5D 08			MOV EBX, [EBP + 8]					;moves into ebx the first val in the stack that we are going to use
 00000008  BE 00000000			MOV ESI, 0							;sets the initial point to 0
						
 0000000D				stLoop:
 0000000D  80 3C 1E 00				CMP byte ptr [EBX + ESI], 0		;compares the two positions to determine if this is the end of the string
 00000011  74 03				JE finished						;if it is jump to finished
 00000013  46					INC ESI							;if not increment esi
 00000014  EB F7				JMP stLoop						;jump to the top of the loop and look at the next char
 00000016				finished:		
 00000016  46					INC ESI							;increment esi to include the null character in the string
 00000017  8B C6				MOV EAX, ESI					;move the value of esi into eax for proper output and return
					
 00000019  5E				POP ESI								;restore original esi
 0000001A  5B				POP EBX								;restore original ebx
 0000001B  5D				POP EBP
 0000001C  C3				RET									;return
 0000001D			sizeOfString ENDP

				COMMENT %
				******************************************************************************
				*Name: createStringCopy                                                      *
				*Purpose:                                                                    *
				*	accepts an address, makes a copy, sends back new addr in EAX		     *
				*                                                                            *
				*Date Created: 10/12/2019                                                    *
				*Date Modified: 10/12/2019                                                   *
				*                                                                            *
				*                                                                            *
				*@param Addr1:dword                                                          *
				*@returns Addr2:dword														 *
				*****************************************************************************%
 0000001D			createStringCopy PROC Near32
 0000001D  55				PUSH EBP							;preserves base register
 0000001E  8B EC			MOV EBP, ESP						;sets a new stack frame
 00000020  53				PUSH EBX							;pushes EBX to the stack to store this
 00000021  57				PUSH EDI
 00000022  56				PUSH ESI							;pushes ESI to the stack to preseve

 00000023  8B 5D 08			MOV EBX, [EBP + 8]			;moves into ebx the address to the beginning of the original string.
 00000026  89 1D 00000009 R		MOV originalAddr, EBX
 0000002C  BE 00000000			MOV ESI, 0							;sets the initial point to 0
 00000031  BF 00000000			MOV EDI, 0
 00000036  53				PUSH EBX
 00000037  E8 FFFFFFC4			CALL sizeOfString
 0000003C  83 C4 04			ADD ESP, 4
 0000003F  89 1D 00000000 R		MOV numBytes, EBX
 00000045  BB 00000000			MOV EBX, 0

					INVOKE 	heapAllocHarrison, numBytes
 00000055  A3 0000000D R		MOV cpAddr, EAX
 0000005A  B8 00000000			MOV EAX, 0
 0000005F  8B 35 00000009 R		MOV ESI, [originalAddr]
 00000065				topOfLoop:
 00000065  8A 1E				MOV BL, [ESI]
 00000067  88 1D 00000008 R			MOV bChar, BL
 0000006D  80 3D 00000008 R			CMP bChar, 00
	   00
 00000074  74 0F				JE finished
 00000076  A0 00000008 R			MOV AL, bChar
 0000007B  89 87 0000000D R			MOV [cpAddr + EDI], EAX
 00000081  47					INC EDI
 00000082  46					INC ESI
 00000083  EB E0				JMP topOfLoop
 00000085				finished:
 00000085  0F BE 1D				MOVSX EBX, bChar
	   00000008 R
 0000008C  89 87 0000000D R			MOV [cpAddr + EDI], EAX
 00000092  B8 0000000D R		MOV EAX, OFFSET cpAddr
					
 00000097  5B				POP EBX	
 00000098  5E				POP ESI								;restore original esi
 00000099  5F				POP EDI						;restore original ebx
 0000009A  5D				POP EBP
 0000009B  C3				RET									;return
 0000009C			createStringCopy ENDP
				END
Microsoft (R) Macro Assembler Version 6.11		    10/14/19 17:10:19
strings.asm						     Symbols 2 - 1




Segments and Groups:

                N a m e                 Size     Length   Align   Combine Class

FLAT . . . . . . . . . . . . . .	GROUP
STACK  . . . . . . . . . . . . .	32 Bit	 00000100 DWord	  Stack	  'STACK'	 
_DATA  . . . . . . . . . . . . .	32 Bit	 00000011 DWord	  Public  'DATA'	
_TEXT  . . . . . . . . . . . . .	32 Bit	 0000009C DWord	  Public  'CODE'	


Procedures,  parameters and locals:

                N a m e                 Type     Value    Attr

createStringCopy . . . . . . . .	P Near	 0000001D _TEXT	Length= 0000007F Public
  topOfLoop  . . . . . . . . . .	L Near	 00000065 _TEXT	
  finished . . . . . . . . . . .	L Near	 00000085 _TEXT	
heapAllocHarrison  . . . . . . .	P Near	 00000000 FLAT	Length= 00000000 External STDCALL
sizeOfString . . . . . . . . . .	P Near	 00000000 _TEXT	Length= 0000001D Public
  stLoop . . . . . . . . . . . .	L Near	 0000000D _TEXT	
  finished . . . . . . . . . . .	L Near	 00000016 _TEXT	


Symbols:

                N a m e                 Type     Value    Attr

@CodeSize  . . . . . . . . . . .	Number	 00000000h   
@DataSize  . . . . . . . . . . .	Number	 00000000h   
@Interface . . . . . . . . . . .	Number	 00000000h   
@Model . . . . . . . . . . . . .	Number	 00000007h   
@code  . . . . . . . . . . . . .	Text   	 _TEXT
@data  . . . . . . . . . . . . .	Text   	 FLAT
@fardata?  . . . . . . . . . . .	Text   	 FLAT
@fardata . . . . . . . . . . . .	Text   	 FLAT
@stack . . . . . . . . . . . . .	Text   	 FLAT
bChar  . . . . . . . . . . . . .	Byte	 00000008 _DATA	
cpAddr . . . . . . . . . . . . .	DWord	 0000000D _DATA	
numBytes . . . . . . . . . . . .	DWord	 00000000 _DATA	
numWords . . . . . . . . . . . .	DWord	 00000004 _DATA	
originalAddr . . . . . . . . . .	DWord	 00000009 _DATA	

	   0 Warnings
	   0 Errors
